// Jest Snapshot v1, https://goo.gl/fbAQLP

exports[`KeyboardAware.ScrollView should render 1`] = `
<RCTScrollView
  automaticallyAdjustContentInsets={false}
  contentInset={
    Object {
      "bottom": 0,
    }
  }
  enableAutomaticScroll={true}
  enableOnAndroid={true}
  enableResetScrollToCoords={true}
  extraHeight={75}
  extraScrollHeight={30}
  getScrollResponder={[Function]}
  handleOnScroll={[Function]}
  keyboardDismissMode="interactive"
  keyboardOpeningTime={250}
  keyboardShouldPersistTaps="handled"
  keyboardSpace={0}
  onScroll={[Function]}
  resetKeyboardSpace={[Function]}
  scrollEventThrottle={1}
  scrollForExtraHeightOnAndroid={[Function]}
  scrollIntoView={[Function]}
  scrollToEnd={[Function]}
  scrollToFocusedInput={[Function]}
  scrollToPosition={[Function]}
  showsVerticalScrollIndicator={true}
  style={
    Array [
      Object {
        "flex": 1,
        "width": "100%",
      },
      undefined,
    ]
  }
  update={[Function]}
  viewIsInsideTabBar={false}
>
  <View>
    <View />
  </View>
</RCTScrollView>
`;
